../lwip/src/core/netif.c:188:1:netif_init	4	static
../lwip/src/core/netif.c:228:1:netif_input	16	static
../lwip/src/core/netif.c:250:1:netif_add_noaddr	40	static
../lwip/src/core/netif.c:287:1:netif_add	24	static
../lwip/src/core/netif.c:468:1:netif_do_ip_addr_changed	16	static
../lwip/src/core/netif.c:483:1:netif_do_set_ipaddr	32	static
../lwip/src/core/netif.c:530:1:netif_set_ipaddr	32	static
../lwip/src/core/netif.c:553:1:netif_do_set_netmask	24	static
../lwip/src/core/netif.c:590:1:netif_set_netmask	40	static
../lwip/src/core/netif.c:617:1:netif_do_set_gw	24	static
../lwip/src/core/netif.c:651:1:netif_set_gw	40	static
../lwip/src/core/netif.c:688:1:netif_set_addr	64	static
../lwip/src/core/netif.c:773:1:netif_remove	16	static
../lwip/src/core/netif.c:858:1:netif_set_default	16	static
../lwip/src/core/netif.c:880:1:netif_set_up	32	static
../lwip/src/core/netif.c:911:1:netif_issue_reports	16	static
../lwip/src/core/netif.c:958:1:netif_set_down	32	static
../lwip/src/core/netif.c:1027:1:netif_set_link_up	32	static
../lwip/src/core/netif.c:1065:1:netif_set_link_down	32	static
../lwip/src/core/netif.c:1683:1:netif_null_output_ip4	24	static
../lwip/src/core/netif.c:1701:1:netif_name_to_index	24	static
../lwip/src/core/netif.c:1720:1:netif_index_to_name	24	static
../lwip/src/core/netif.c:1740:1:netif_get_by_index	24	static
../lwip/src/core/netif.c:1765:1:netif_find	24	static
../lwip/src/core/netif.c:1802:1:netif_add_ext_callback	16	static
../lwip/src/core/netif.c:1819:1:netif_remove_ext_callback	24	static
../lwip/src/core/netif.c:1852:1:netif_invoke_ext_callback	32	static
