15:05:48 **** Incremental Build of configuration Debug for project three_lwip_dhcp_bm ****
make -r -j16 all 
make[1]: Nothing to be done for 'main-build'.
Performing post-build steps
arm-none-eabi-size "three_lwip_dhcp_bm.axf"; # arm-none-eabi-objcopy -v -O binary "three_lwip_dhcp_bm.axf" "three_lwip_dhcp_bm.bin" ; # checksum -p MCXN947 -d "three_lwip_dhcp_bm.bin";
   text	   data	    bss	    dec	    hex	filename
  89052	     28	  58632	 147712	  24100	three_lwip_dhcp_bm.axf
 

15:05:48 Build Finished. 0 errors, 0 warnings. (took 294ms)

