F:\ku\MCUXpresso\program\ying_he\funpack3_4\try\four_lwip_dhcp_bm6\CMSIS/core_cm33.h:2390:22:__NVIC_EnableIRQ	16	static
F:\ku\MCUXpresso\program\ying_he\funpack3_4\try\four_lwip_dhcp_bm6\drivers/fsl_clock.h:1394:20:CLOCK_EnableClock	24	static
F:\ku\MCUXpresso\program\ying_he\funpack3_4\try\four_lwip_dhcp_bm6\drivers/fsl_tsi_v6.h:791:20:TSI_EnableModule	16	static
F:\ku\MCUXpresso\program\ying_he\funpack3_4\try\four_lwip_dhcp_bm6\drivers/fsl_tsi_v6.h:838:20:TSI_EnableHardwareTriggerScan	16	static
F:\ku\MCUXpresso\program\ying_he\funpack3_4\try\four_lwip_dhcp_bm6\drivers/fsl_tsi_v6.h:871:20:TSI_SetSelfCapMeasuredChannel	16	static
F:\ku\MCUXpresso\program\ying_he\funpack3_4\try\four_lwip_dhcp_bm6\drivers/fsl_tsi_v6.h:885:23:TSI_GetSelfCapMeasuredChannel	16	static
F:\ku\MCUXpresso\program\ying_he\funpack3_4\try\four_lwip_dhcp_bm6\drivers/fsl_tsi_v6.h:919:24:TSI_GetCounter	16	static
F:\ku\MCUXpresso\program\ying_he\funpack3_4\try\four_lwip_dhcp_bm6\drivers/fsl_tsi_v6.h:1004:20:TSI_EnableNoiseCancellation	16	static
F:\ku\MCUXpresso\program\ying_he\funpack3_4\try\four_lwip_dhcp_bm6\drivers/fsl_lptmr.h:305:20:LPTMR_SetTimerPeriod	16	static
F:\ku\MCUXpresso\program\ying_he\funpack3_4\try\four_lwip_dhcp_bm6\drivers/fsl_lptmr.h:349:20:LPTMR_StartTimer	24	static
../source/lwip_dhcp_bm.c:143:6:TSI_END_OF_SCAN_IRQHandler	8	static
../source/lwip_dhcp_bm.c:173:13:i3c_master_callback	24	static
../source/lwip_dhcp_bm.c:183:10:I3C_WriteSensor	64	static
../source/lwip_dhcp_bm.c:224:10:I3C_ReadSensor	64	static
../source/lwip_dhcp_bm.c:265:10:p3t1755_set_dynamic_address	48	static
../source/lwip_dhcp_bm.c:331:13:MDIO_Init	8	static
../source/lwip_dhcp_bm.c:337:17:MDIO_Write	16	static
../source/lwip_dhcp_bm.c:342:17:MDIO_Read	16	static
../source/lwip_dhcp_bm.c:351:13:linkStatusCallback	32	static
../source/lwip_dhcp_bm.c:400:6:SysTick_Handler	8	static
../source/lwip_dhcp_bm.c:430:13:print_dhcp_state	24	static
../source/lwip_dhcp_bm.c:499:5:main	184	static
../source/lwip_dhcp_bm.c:662:6:tim1_match0_IRQ	16	static
