F:\ku\MCUXpresso\program\ying_he\funpack3_4\try\TWO_lwip_dhcp_bm\CMSIS/core_cm33.h:2378:22:__NVIC_EnableIRQ	16	static
F:\ku\MCUXpresso\program\ying_he\funpack3_4\try\TWO_lwip_dhcp_bm\CMSIS/core_cm33.h:2416:22:__NVIC_DisableIRQ	16	static
../drivers/fsl_clock.h:1389:20:CLOCK_EnableClock	24	static
../drivers/fsl_clock.h:1418:20:CLOCK_DisableClock	24	static
../drivers/fsl_common_arm.h:514:24:EnableIRQ	24	static
../drivers/fsl_common_arm.h:558:24:DisableIRQ	24	static
../drivers/fsl_enet.h:792:20:ENET_IsSMIBusy	16	static
../drivers/fsl_enet.h:803:24:ENET_ReadSMIData	16	static
../drivers/fsl_enet.h:872:20:ENET_SetMacAddr	24	static
../drivers/fsl_enet.c:166:17:ENET_IncreaseIndex	16	static
../drivers/fsl_enet.c:177:13:ENET_SetSYSControl	16	static
../drivers/fsl_enet.c:195:13:ENET_SetDMAControl	32	static
../drivers/fsl_enet.c:228:13:ENET_SetMTL	32	static
../drivers/fsl_enet.c:273:13:ENET_SetMacControl	32	static
../drivers/fsl_enet.c:318:17:ENET_TxDescriptorsInit	40	static
../drivers/fsl_enet.c:357:17:ENET_RxDescriptorsInit	56	static
../drivers/fsl_enet.c:500:10:ENET_GetInstance	24	static
../drivers/fsl_enet.c:532:6:ENET_GetDefaultConfig	16	static
../drivers/fsl_enet.c:575:6:ENET_Init	32	static
../drivers/fsl_enet.c:611:6:ENET_Deinit	16	static
../drivers/fsl_enet.c:636:10:ENET_DescriptorInit	32	static
../drivers/fsl_enet.c:678:6:ENET_StartRxTx	24	static
../drivers/fsl_enet.c:713:6:ENET_SetISRHandler	16	static
../drivers/fsl_enet.c:733:6:ENET_EnableInterrupts	24	static
../drivers/fsl_enet.c:778:6:ENET_ClearMacInterruptStatus	24	static
../drivers/fsl_enet.c:811:6:ENET_DisableInterrupts	24	static
../drivers/fsl_enet.c:857:6:ENET_CreateHandler	40	static
../drivers/fsl_enet.c:948:6:ENET_GetMacAddr	24	static
../drivers/fsl_enet.c:971:6:ENET_SetSMI	24	static
../drivers/fsl_enet.c:1015:6:ENET_StartSMIWrite	24	static
../drivers/fsl_enet.c:1034:6:ENET_StartSMIRead	24	static
../drivers/fsl_enet.c:1044:17:ENET_QOS_MDIOWaitTransferOver	24	static
../drivers/fsl_enet.c:1082:10:ENET_MDIOWrite	16	static
../drivers/fsl_enet.c:1099:10:ENET_MDIORead	32	static
../drivers/fsl_enet.c:1128:6:ENET_EnterPowerDown	24	static
../drivers/fsl_enet.c:1161:10:ENET_SetVlanCtrl	24	static
../drivers/fsl_enet.c:1193:10:ENET_SetTxOuterVlan	32	static
../drivers/fsl_enet.c:1240:10:ENET_SetTxInnerVlan	24	static
../drivers/fsl_enet.c:1283:10:ENET_GetRxFrameSize	40	static
../drivers/fsl_enet.c:1359:10:ENET_ReadFrame	64	static
../drivers/fsl_enet.c:1518:6:ENET_UpdateRxDescriptor	32	static
../drivers/fsl_enet.c:1565:10:ENET_RxBufferAllocAll	40	static
../drivers/fsl_enet.c:1645:6:ENET_RxBufferFreeAll	40	static
../drivers/fsl_enet.c:1681:20:ENET_GetRxFrameErr	24	static
../drivers/fsl_enet.c:1694:13:ENET_DropFrame	48	static
../drivers/fsl_enet.c:1778:10:ENET_GetRxFrame	88	static
../drivers/fsl_enet.c:2085:6:ENET_SetupTxDescriptor	32	static
../drivers/fsl_enet.c:2144:13:ENET_ConfigTxDescriptor	24	static
../drivers/fsl_enet.c:2194:6:ENET_ReclaimTxDescriptor	56	static
../drivers/fsl_enet.c:2264:10:ENET_SendFrame	88	static
../drivers/fsl_enet.c:2487:6:ENET_IRQHandler	40	static
../drivers/fsl_enet.c:2545:6:ETHERNET_DriverIRQHandler	8	static
