F:\ku\MCUXpresso\program\ying_he\funpack3_4\try\TWO_lwip_dhcp_bm\CMSIS/core_cm33.h:2575:22:__NVIC_SetPriority	16	static
F:\ku\MCUXpresso\program\ying_he\funpack3_4\try\TWO_lwip_dhcp_bm\drivers/fsl_enet.h:770:20:ENET_SetMII	24	static
../lwip/port/enet_ethernetif_lpc.c:223:13:ethernet_callback	24	static
../lwip/port/enet_ethernetif_lpc.c:346:36:ethernetif_get_rx_desc	16	static
../lwip/port/enet_ethernetif_lpc.c:354:36:ethernetif_get_tx_desc	16	static
../lwip/port/enet_ethernetif_lpc.c:362:14:ethernetif_rx_alloc	48	static
../lwip/port/enet_ethernetif_lpc.c:398:20:ethernetif_release_rx_wrapper	24	static
../lwip/port/enet_ethernetif_lpc.c:416:13:ethernetif_rx_free	40	static
../lwip/port/enet_ethernetif_lpc.c:435:6:ethernetif_plat_init	112	static
../lwip/port/enet_ethernetif_lpc.c:516:15:ethernetif_get_phy	24	static
../lwip/port/enet_ethernetif_lpc.c:522:19:ethernetif_get_int_gpio_hdl	24	static
../lwip/port/enet_ethernetif_lpc.c:528:13:ethernetif_get_link_speed	24	static
../lwip/port/enet_ethernetif_lpc.c:534:14:ethernetif_get_link_duplex	24	static
../lwip/port/enet_ethernetif_lpc.c:540:6:ethernetif_on_link_up	24	static
../lwip/port/enet_ethernetif_lpc.c:553:6:ethernetif_on_link_down	24	static
../lwip/port/enet_ethernetif_lpc.c:559:8:ethernetif_base_ptr	16	static
../lwip/port/enet_ethernetif_lpc.c:567:13:ethernetif_tx_release	16	static
../lwip/port/enet_ethernetif_lpc.c:589:13:ethernetif_rx_release	24	static
../lwip/port/enet_ethernetif_lpc.c:597:21:ethernetif_rx_frame_to_pbufs	56	static
../lwip/port/enet_ethernetif_lpc.c:699:14:ethernetif_linkinput	80	static
../lwip/port/enet_ethernetif_lpc.c:748:7:ethernetif_linkoutput	152	static
../lwip/port/enet_ethernetif_lpc.c:942:7:ethernetif0_init	24	static
